// Jest Snapshot v1, https://goo.gl/fbAQLP

exports[`Centered component can render the component with advanced children 1`] = `
<div
  className="MuiGrid-root MuiGrid-container MuiGrid-justify-xs-center"
>
  <div>
    <h1
      className="MuiTypography-root MuiTypography-h1"
    >
      Hello!
    </h1>
    <hr
      className="MuiDivider-root"
    />
    <button
      className="MuiButtonBase-root MuiButton-root MuiButton-contained"
      disabled={false}
      onBlur={[Function]}
      onDragLeave={[Function]}
      onFocus={[Function]}
      onKeyDown={[Function]}
      onKeyUp={[Function]}
      onMouseDown={[Function]}
      onMouseLeave={[Function]}
      onMouseUp={[Function]}
      onTouchEnd={[Function]}
      onTouchMove={[Function]}
      onTouchStart={[Function]}
      tabIndex={0}
      type="button"
    >
      <span
        className="MuiButton-label"
      >
        Press Me
      </span>
    </button>
  </div>
</div>
`;

exports[`Centered component can render the component with empty children 1`] = `
<div
  className="MuiGrid-root MuiGrid-container MuiGrid-justify-xs-center"
>
  <div />
</div>
`;
